2025-10-21 01:42:25 startup archives unpack
2025-10-21 01:42:25 install adduser:all <none> 3.152
2025-10-21 01:42:25 status half-installed adduser:all 3.152
2025-10-21 01:42:25 status unpacked adduser:all 3.152
2025-10-21 01:42:25 startup packages configure
2025-10-21 01:42:25 configure adduser:all 3.152 <none>
2025-10-21 01:42:25 status unpacked adduser:all 3.152
2025-10-21 01:42:25 status half-configured adduser:all 3.152
2025-10-21 01:42:25 status installed adduser:all 3.152
2025-10-21 01:42:25 startup archives unpack
2025-10-21 01:42:25 install netbase:all <none> 6.5
2025-10-21 01:42:25 status half-installed netbase:all 6.5
2025-10-21 01:42:25 status unpacked netbase:all 6.5
2025-10-21 01:42:25 install readline-common:all <none> 8.2-6
2025-10-21 01:42:25 status half-installed readline-common:all 8.2-6
2025-10-21 01:42:25 status unpacked readline-common:all 8.2-6
2025-10-21 01:42:25 install openssl:amd64 <none> 3.5.1-1+deb13u1
2025-10-21 01:42:25 status half-installed openssl:amd64 3.5.1-1+deb13u1
2025-10-21 01:42:25 status unpacked openssl:amd64 3.5.1-1+deb13u1
2025-10-21 01:42:25 install ca-certificates:all <none> 20250419
2025-10-21 01:42:25 status half-installed ca-certificates:all 20250419
2025-10-21 01:42:25 status unpacked ca-certificates:all 20250419
2025-10-21 01:42:25 install libunistring5:amd64 <none> 1.3-2
2025-10-21 01:42:25 status triggers-pending libc-bin:amd64 2.41-12
2025-10-21 01:42:25 status half-installed libunistring5:amd64 1.3-2
2025-10-21 01:42:25 status unpacked libunistring5:amd64 1.3-2
2025-10-21 01:42:25 install libidn2-0:amd64 <none> 2.3.8-2
2025-10-21 01:42:25 status half-installed libidn2-0:amd64 2.3.8-2
2025-10-21 01:42:25 status unpacked libidn2-0:amd64 2.3.8-2
2025-10-21 01:42:25 install libffi8:amd64 <none> 3.4.8-2
2025-10-21 01:42:25 status half-installed libffi8:amd64 3.4.8-2
2025-10-21 01:42:25 status unpacked libffi8:amd64 3.4.8-2
2025-10-21 01:42:25 install libp11-kit0:amd64 <none> 0.25.5-3
2025-10-21 01:42:25 status half-installed libp11-kit0:amd64 0.25.5-3
2025-10-21 01:42:25 status unpacked libp11-kit0:amd64 0.25.5-3
2025-10-21 01:42:25 install libtasn1-6:amd64 <none> 4.20.0-2
2025-10-21 01:42:25 status half-installed libtasn1-6:amd64 4.20.0-2
2025-10-21 01:42:25 status unpacked libtasn1-6:amd64 4.20.0-2
2025-10-21 01:42:25 install libgnutls30t64:amd64 <none> 3.8.9-3
2025-10-21 01:42:25 status half-installed libgnutls30t64:amd64 3.8.9-3
2025-10-21 01:42:25 status unpacked libgnutls30t64:amd64 3.8.9-3
2025-10-21 01:42:25 install libpsl5t64:amd64 <none> 0.21.2-1.1+b1
2025-10-21 01:42:25 status half-installed libpsl5t64:amd64 0.21.2-1.1+b1
2025-10-21 01:42:25 status unpacked libpsl5t64:amd64 0.21.2-1.1+b1
2025-10-21 01:42:25 install wget:amd64 <none> 1.25.0-2
2025-10-21 01:42:25 status half-installed wget:amd64 1.25.0-2
2025-10-21 01:42:26 status unpacked wget:amd64 1.25.0-2
2025-10-21 01:42:26 install libbrotli1:amd64 <none> 1.1.0-2+b7
2025-10-21 01:42:26 status half-installed libbrotli1:amd64 1.1.0-2+b7
2025-10-21 01:42:26 status unpacked libbrotli1:amd64 1.1.0-2+b7
2025-10-21 01:42:26 install libkrb5support0:amd64 <none> 1.21.3-5
2025-10-21 01:42:26 status half-installed libkrb5support0:amd64 1.21.3-5
2025-10-21 01:42:26 status unpacked libkrb5support0:amd64 1.21.3-5
2025-10-21 01:42:26 install libcom-err2:amd64 <none> 1.47.2-3+b3
2025-10-21 01:42:26 status half-installed libcom-err2:amd64 1.47.2-3+b3
2025-10-21 01:42:26 status unpacked libcom-err2:amd64 1.47.2-3+b3
2025-10-21 01:42:26 install libk5crypto3:amd64 <none> 1.21.3-5
2025-10-21 01:42:26 status half-installed libk5crypto3:amd64 1.21.3-5
2025-10-21 01:42:26 status unpacked libk5crypto3:amd64 1.21.3-5
2025-10-21 01:42:26 install libkeyutils1:amd64 <none> 1.6.3-6
2025-10-21 01:42:26 status half-installed libkeyutils1:amd64 1.6.3-6
2025-10-21 01:42:26 status unpacked libkeyutils1:amd64 1.6.3-6
2025-10-21 01:42:26 install libkrb5-3:amd64 <none> 1.21.3-5
2025-10-21 01:42:26 status half-installed libkrb5-3:amd64 1.21.3-5
2025-10-21 01:42:26 status unpacked libkrb5-3:amd64 1.21.3-5
2025-10-21 01:42:26 install libgssapi-krb5-2:amd64 <none> 1.21.3-5
2025-10-21 01:42:26 status half-installed libgssapi-krb5-2:amd64 1.21.3-5
2025-10-21 01:42:26 status unpacked libgssapi-krb5-2:amd64 1.21.3-5
2025-10-21 01:42:26 install libsasl2-modules-db:amd64 <none> 2.1.28+dfsg1-9
2025-10-21 01:42:26 status half-installed libsasl2-modules-db:amd64 2.1.28+dfsg1-9
2025-10-21 01:42:26 status unpacked libsasl2-modules-db:amd64 2.1.28+dfsg1-9
2025-10-21 01:42:26 install libsasl2-2:amd64 <none> 2.1.28+dfsg1-9
2025-10-21 01:42:26 status half-installed libsasl2-2:amd64 2.1.28+dfsg1-9
2025-10-21 01:42:26 status unpacked libsasl2-2:amd64 2.1.28+dfsg1-9
2025-10-21 01:42:26 install libldap2:amd64 <none> 2.6.10+dfsg-1
2025-10-21 01:42:26 status half-installed libldap2:amd64 2.6.10+dfsg-1
2025-10-21 01:42:26 status unpacked libldap2:amd64 2.6.10+dfsg-1
2025-10-21 01:42:26 install libnghttp2-14:amd64 <none> 1.64.0-1.1
2025-10-21 01:42:26 status half-installed libnghttp2-14:amd64 1.64.0-1.1
2025-10-21 01:42:26 status unpacked libnghttp2-14:amd64 1.64.0-1.1
2025-10-21 01:42:26 install libnghttp3-9:amd64 <none> 1.8.0-1
2025-10-21 01:42:26 status half-installed libnghttp3-9:amd64 1.8.0-1
2025-10-21 01:42:26 status unpacked libnghttp3-9:amd64 1.8.0-1
2025-10-21 01:42:26 install librtmp1:amd64 <none> 2.4+20151223.gitfa8646d.1-2+b5
2025-10-21 01:42:26 status half-installed librtmp1:amd64 2.4+20151223.gitfa8646d.1-2+b5
2025-10-21 01:42:26 status unpacked librtmp1:amd64 2.4+20151223.gitfa8646d.1-2+b5
2025-10-21 01:42:26 install libssh2-1t64:amd64 <none> 1.11.1-1
2025-10-21 01:42:26 status half-installed libssh2-1t64:amd64 1.11.1-1
2025-10-21 01:42:26 status unpacked libssh2-1t64:amd64 1.11.1-1
2025-10-21 01:42:26 install libcurl4t64:amd64 <none> 8.14.1-2
2025-10-21 01:42:26 status half-installed libcurl4t64:amd64 8.14.1-2
2025-10-21 01:42:26 status unpacked libcurl4t64:amd64 8.14.1-2
2025-10-21 01:42:26 install curl:amd64 <none> 8.14.1-2
2025-10-21 01:42:26 status half-installed curl:amd64 8.14.1-2
2025-10-21 01:42:26 status unpacked curl:amd64 8.14.1-2
2025-10-21 01:42:26 install libgpg-error0:amd64 <none> 1.51-4
2025-10-21 01:42:26 status half-installed libgpg-error0:amd64 1.51-4
2025-10-21 01:42:26 status unpacked libgpg-error0:amd64 1.51-4
2025-10-21 01:42:26 install libassuan9:amd64 <none> 3.0.2-2
2025-10-21 01:42:26 status half-installed libassuan9:amd64 3.0.2-2
2025-10-21 01:42:26 status unpacked libassuan9:amd64 3.0.2-2
2025-10-21 01:42:26 install libgcrypt20:amd64 <none> 1.11.0-7
2025-10-21 01:42:26 status half-installed libgcrypt20:amd64 1.11.0-7
2025-10-21 01:42:26 status unpacked libgcrypt20:amd64 1.11.0-7
2025-10-21 01:42:26 install libreadline8t64:amd64 <none> 8.2-6
2025-10-21 01:42:26 status half-installed libreadline8t64:amd64 8.2-6
2025-10-21 01:42:26 status unpacked libreadline8t64:amd64 8.2-6
2025-10-21 01:42:26 install gpgconf:amd64 <none> 2.4.7-21+b3
2025-10-21 01:42:26 status half-installed gpgconf:amd64 2.4.7-21+b3
2025-10-21 01:42:26 status unpacked gpgconf:amd64 2.4.7-21+b3
2025-10-21 01:42:26 install libksba8:amd64 <none> 1.6.7-2+b1
2025-10-21 01:42:26 status half-installed libksba8:amd64 1.6.7-2+b1
2025-10-21 01:42:26 status unpacked libksba8:amd64 1.6.7-2+b1
2025-10-21 01:42:26 install libnpth0t64:amd64 <none> 1.8-3
2025-10-21 01:42:26 status half-installed libnpth0t64:amd64 1.8-3
2025-10-21 01:42:26 status unpacked libnpth0t64:amd64 1.8-3
2025-10-21 01:42:26 install dirmngr:amd64 <none> 2.4.7-21+b3
2025-10-21 01:42:26 status half-installed dirmngr:amd64 2.4.7-21+b3
2025-10-21 01:42:26 status unpacked dirmngr:amd64 2.4.7-21+b3
2025-10-21 01:42:26 install gnupg-l10n:all <none> 2.4.7-21
2025-10-21 01:42:26 status half-installed gnupg-l10n:all 2.4.7-21
2025-10-21 01:42:26 status unpacked gnupg-l10n:all 2.4.7-21
2025-10-21 01:42:27 install gpg:amd64 <none> 2.4.7-21+b3
2025-10-21 01:42:27 status half-installed gpg:amd64 2.4.7-21+b3
2025-10-21 01:42:27 status unpacked gpg:amd64 2.4.7-21+b3
2025-10-21 01:42:27 install libncursesw6:amd64 <none> 6.5+20250216-2
2025-10-21 01:42:27 status half-installed libncursesw6:amd64 6.5+20250216-2
2025-10-21 01:42:27 status unpacked libncursesw6:amd64 6.5+20250216-2
2025-10-21 01:42:27 install pinentry-curses:amd64 <none> 1.3.1-2
2025-10-21 01:42:27 status half-installed pinentry-curses:amd64 1.3.1-2
2025-10-21 01:42:27 status unpacked pinentry-curses:amd64 1.3.1-2
2025-10-21 01:42:27 install gpg-agent:amd64 <none> 2.4.7-21+b3
2025-10-21 01:42:27 status half-installed gpg-agent:amd64 2.4.7-21+b3
2025-10-21 01:42:27 status unpacked gpg-agent:amd64 2.4.7-21+b3
2025-10-21 01:42:27 install gpgsm:amd64 <none> 2.4.7-21+b3
2025-10-21 01:42:27 status half-installed gpgsm:amd64 2.4.7-21+b3
2025-10-21 01:42:27 status unpacked gpgsm:amd64 2.4.7-21+b3
2025-10-21 01:42:27 install gnupg:all <none> 2.4.7-21
2025-10-21 01:42:27 status half-installed gnupg:all 2.4.7-21
2025-10-21 01:42:27 status unpacked gnupg:all 2.4.7-21
2025-10-21 01:42:27 install sq:amd64 <none> 1.3.1-2+b1
2025-10-21 01:42:27 status half-installed sq:amd64 1.3.1-2+b1
2025-10-21 01:42:27 status unpacked sq:amd64 1.3.1-2+b1
2025-10-21 01:42:27 startup packages configure
2025-10-21 01:42:27 configure libnpth0t64:amd64 1.8-3 <none>
2025-10-21 01:42:27 status unpacked libnpth0t64:amd64 1.8-3
2025-10-21 01:42:27 status half-configured libnpth0t64:amd64 1.8-3
2025-10-21 01:42:27 status installed libnpth0t64:amd64 1.8-3
2025-10-21 01:42:27 configure libkeyutils1:amd64 1.6.3-6 <none>
2025-10-21 01:42:27 status unpacked libkeyutils1:amd64 1.6.3-6
2025-10-21 01:42:27 status half-configured libkeyutils1:amd64 1.6.3-6
2025-10-21 01:42:27 status installed libkeyutils1:amd64 1.6.3-6
2025-10-21 01:42:27 configure libgpg-error0:amd64 1.51-4 <none>
2025-10-21 01:42:27 status unpacked libgpg-error0:amd64 1.51-4
2025-10-21 01:42:27 status half-configured libgpg-error0:amd64 1.51-4
2025-10-21 01:42:27 status installed libgpg-error0:amd64 1.51-4
2025-10-21 01:42:27 configure libbrotli1:amd64 1.1.0-2+b7 <none>
2025-10-21 01:42:27 status unpacked libbrotli1:amd64 1.1.0-2+b7
2025-10-21 01:42:27 status half-configured libbrotli1:amd64 1.1.0-2+b7
2025-10-21 01:42:27 status installed libbrotli1:amd64 1.1.0-2+b7
2025-10-21 01:42:27 configure libnghttp2-14:amd64 1.64.0-1.1 <none>
2025-10-21 01:42:27 status unpacked libnghttp2-14:amd64 1.64.0-1.1
2025-10-21 01:42:27 status half-configured libnghttp2-14:amd64 1.64.0-1.1
2025-10-21 01:42:27 status installed libnghttp2-14:amd64 1.64.0-1.1
2025-10-21 01:42:27 configure libgcrypt20:amd64 1.11.0-7 <none>
2025-10-21 01:42:27 status unpacked libgcrypt20:amd64 1.11.0-7
2025-10-21 01:42:27 status half-configured libgcrypt20:amd64 1.11.0-7
2025-10-21 01:42:27 status installed libgcrypt20:amd64 1.11.0-7
2025-10-21 01:42:27 configure libcom-err2:amd64 1.47.2-3+b3 <none>
2025-10-21 01:42:27 status unpacked libcom-err2:amd64 1.47.2-3+b3
2025-10-21 01:42:27 status half-configured libcom-err2:amd64 1.47.2-3+b3
2025-10-21 01:42:27 status installed libcom-err2:amd64 1.47.2-3+b3
2025-10-21 01:42:27 configure sq:amd64 1.3.1-2+b1 <none>
2025-10-21 01:42:27 status unpacked sq:amd64 1.3.1-2+b1
2025-10-21 01:42:27 status half-configured sq:amd64 1.3.1-2+b1
2025-10-21 01:42:27 status installed sq:amd64 1.3.1-2+b1
2025-10-21 01:42:27 configure libkrb5support0:amd64 1.21.3-5 <none>
2025-10-21 01:42:27 status unpacked libkrb5support0:amd64 1.21.3-5
2025-10-21 01:42:27 status half-configured libkrb5support0:amd64 1.21.3-5
2025-10-21 01:42:27 status installed libkrb5support0:amd64 1.21.3-5
2025-10-21 01:42:27 configure libsasl2-modules-db:amd64 2.1.28+dfsg1-9 <none>
2025-10-21 01:42:27 status unpacked libsasl2-modules-db:amd64 2.1.28+dfsg1-9
2025-10-21 01:42:27 status half-configured libsasl2-modules-db:amd64 2.1.28+dfsg1-9
2025-10-21 01:42:27 status installed libsasl2-modules-db:amd64 2.1.28+dfsg1-9
2025-10-21 01:42:27 configure gnupg-l10n:all 2.4.7-21 <none>
2025-10-21 01:42:27 status unpacked gnupg-l10n:all 2.4.7-21
2025-10-21 01:42:27 status half-configured gnupg-l10n:all 2.4.7-21
2025-10-21 01:42:27 status installed gnupg-l10n:all 2.4.7-21
2025-10-21 01:42:27 configure libunistring5:amd64 1.3-2 <none>
2025-10-21 01:42:27 status unpacked libunistring5:amd64 1.3-2
2025-10-21 01:42:27 status half-configured libunistring5:amd64 1.3-2
2025-10-21 01:42:27 status installed libunistring5:amd64 1.3-2
2025-10-21 01:42:27 configure libncursesw6:amd64 6.5+20250216-2 <none>
2025-10-21 01:42:27 status unpacked libncursesw6:amd64 6.5+20250216-2
2025-10-21 01:42:27 status half-configured libncursesw6:amd64 6.5+20250216-2
2025-10-21 01:42:27 status installed libncursesw6:amd64 6.5+20250216-2
2025-10-21 01:42:27 configure libk5crypto3:amd64 1.21.3-5 <none>
2025-10-21 01:42:27 status unpacked libk5crypto3:amd64 1.21.3-5
2025-10-21 01:42:27 status half-configured libk5crypto3:amd64 1.21.3-5
2025-10-21 01:42:27 status installed libk5crypto3:amd64 1.21.3-5
2025-10-21 01:42:27 configure libsasl2-2:amd64 2.1.28+dfsg1-9 <none>
2025-10-21 01:42:27 status unpacked libsasl2-2:amd64 2.1.28+dfsg1-9
2025-10-21 01:42:27 status half-configured libsasl2-2:amd64 2.1.28+dfsg1-9
2025-10-21 01:42:27 status installed libsasl2-2:amd64 2.1.28+dfsg1-9
2025-10-21 01:42:27 configure libnghttp3-9:amd64 1.8.0-1 <none>
2025-10-21 01:42:27 status unpacked libnghttp3-9:amd64 1.8.0-1
2025-10-21 01:42:27 status half-configured libnghttp3-9:amd64 1.8.0-1
2025-10-21 01:42:27 status installed libnghttp3-9:amd64 1.8.0-1
2025-10-21 01:42:27 configure libffi8:amd64 3.4.8-2 <none>
2025-10-21 01:42:27 status unpacked libffi8:amd64 3.4.8-2
2025-10-21 01:42:27 status half-configured libffi8:amd64 3.4.8-2
2025-10-21 01:42:27 status installed libffi8:amd64 3.4.8-2
2025-10-21 01:42:27 configure libassuan9:amd64 3.0.2-2 <none>
2025-10-21 01:42:27 status unpacked libassuan9:amd64 3.0.2-2
2025-10-21 01:42:27 status half-configured libassuan9:amd64 3.0.2-2
2025-10-21 01:42:27 status installed libassuan9:amd64 3.0.2-2
2025-10-21 01:42:27 configure libtasn1-6:amd64 4.20.0-2 <none>
2025-10-21 01:42:27 status unpacked libtasn1-6:amd64 4.20.0-2
2025-10-21 01:42:27 status half-configured libtasn1-6:amd64 4.20.0-2
2025-10-21 01:42:27 status installed libtasn1-6:amd64 4.20.0-2
2025-10-21 01:42:27 configure netbase:all 6.5 <none>
2025-10-21 01:42:27 status unpacked netbase:all 6.5
2025-10-21 01:42:27 status half-configured netbase:all 6.5
2025-10-21 01:42:27 status installed netbase:all 6.5
2025-10-21 01:42:27 configure libkrb5-3:amd64 1.21.3-5 <none>
2025-10-21 01:42:27 status unpacked libkrb5-3:amd64 1.21.3-5
2025-10-21 01:42:27 status half-configured libkrb5-3:amd64 1.21.3-5
2025-10-21 01:42:27 status installed libkrb5-3:amd64 1.21.3-5
2025-10-21 01:42:27 configure libssh2-1t64:amd64 1.11.1-1 <none>
2025-10-21 01:42:27 status unpacked libssh2-1t64:amd64 1.11.1-1
2025-10-21 01:42:27 status half-configured libssh2-1t64:amd64 1.11.1-1
2025-10-21 01:42:27 status installed libssh2-1t64:amd64 1.11.1-1
2025-10-21 01:42:27 configure openssl:amd64 3.5.1-1+deb13u1 <none>
2025-10-21 01:42:27 status unpacked openssl:amd64 3.5.1-1+deb13u1
2025-10-21 01:42:27 status half-configured openssl:amd64 3.5.1-1+deb13u1
2025-10-21 01:42:27 status installed openssl:amd64 3.5.1-1+deb13u1
2025-10-21 01:42:27 configure readline-common:all 8.2-6 <none>
2025-10-21 01:42:27 status unpacked readline-common:all 8.2-6
2025-10-21 01:42:27 status half-configured readline-common:all 8.2-6
2025-10-21 01:42:27 status installed readline-common:all 8.2-6
2025-10-21 01:42:27 configure libldap2:amd64 2.6.10+dfsg-1 <none>
2025-10-21 01:42:27 status unpacked libldap2:amd64 2.6.10+dfsg-1
2025-10-21 01:42:27 status half-configured libldap2:amd64 2.6.10+dfsg-1
2025-10-21 01:42:27 status installed libldap2:amd64 2.6.10+dfsg-1
2025-10-21 01:42:27 configure libksba8:amd64 1.6.7-2+b1 <none>
2025-10-21 01:42:27 status unpacked libksba8:amd64 1.6.7-2+b1
2025-10-21 01:42:27 status half-configured libksba8:amd64 1.6.7-2+b1
2025-10-21 01:42:27 status installed libksba8:amd64 1.6.7-2+b1
2025-10-21 01:42:27 configure pinentry-curses:amd64 1.3.1-2 <none>
2025-10-21 01:42:27 status unpacked pinentry-curses:amd64 1.3.1-2
2025-10-21 01:42:27 status half-configured pinentry-curses:amd64 1.3.1-2
2025-10-21 01:42:27 status installed pinentry-curses:amd64 1.3.1-2
2025-10-21 01:42:27 configure libidn2-0:amd64 2.3.8-2 <none>
2025-10-21 01:42:27 status unpacked libidn2-0:amd64 2.3.8-2
2025-10-21 01:42:28 status half-configured libidn2-0:amd64 2.3.8-2
2025-10-21 01:42:28 status installed libidn2-0:amd64 2.3.8-2
2025-10-21 01:42:28 configure ca-certificates:all 20250419 <none>
2025-10-21 01:42:28 status unpacked ca-certificates:all 20250419
2025-10-21 01:42:28 status half-configured ca-certificates:all 20250419
2025-10-21 01:42:28 status installed ca-certificates:all 20250419
2025-10-21 01:42:28 status triggers-pending ca-certificates:all 20250419
2025-10-21 01:42:28 configure libp11-kit0:amd64 0.25.5-3 <none>
2025-10-21 01:42:28 status unpacked libp11-kit0:amd64 0.25.5-3
2025-10-21 01:42:28 status half-configured libp11-kit0:amd64 0.25.5-3
2025-10-21 01:42:28 status installed libp11-kit0:amd64 0.25.5-3
2025-10-21 01:42:28 configure libgssapi-krb5-2:amd64 1.21.3-5 <none>
2025-10-21 01:42:28 status unpacked libgssapi-krb5-2:amd64 1.21.3-5
2025-10-21 01:42:28 status half-configured libgssapi-krb5-2:amd64 1.21.3-5
2025-10-21 01:42:28 status installed libgssapi-krb5-2:amd64 1.21.3-5
2025-10-21 01:42:28 configure libreadline8t64:amd64 8.2-6 <none>
2025-10-21 01:42:28 status unpacked libreadline8t64:amd64 8.2-6
2025-10-21 01:42:28 status half-configured libreadline8t64:amd64 8.2-6
2025-10-21 01:42:28 status installed libreadline8t64:amd64 8.2-6
2025-10-21 01:42:28 configure gpgconf:amd64 2.4.7-21+b3 <none>
2025-10-21 01:42:28 status unpacked gpgconf:amd64 2.4.7-21+b3
2025-10-21 01:42:28 status half-configured gpgconf:amd64 2.4.7-21+b3
2025-10-21 01:42:28 status installed gpgconf:amd64 2.4.7-21+b3
2025-10-21 01:42:28 configure gpg:amd64 2.4.7-21+b3 <none>
2025-10-21 01:42:28 status unpacked gpg:amd64 2.4.7-21+b3
2025-10-21 01:42:28 status half-configured gpg:amd64 2.4.7-21+b3
2025-10-21 01:42:29 status installed gpg:amd64 2.4.7-21+b3
2025-10-21 01:42:29 configure libgnutls30t64:amd64 3.8.9-3 <none>
2025-10-21 01:42:29 status unpacked libgnutls30t64:amd64 3.8.9-3
2025-10-21 01:42:29 status half-configured libgnutls30t64:amd64 3.8.9-3
2025-10-21 01:42:29 status installed libgnutls30t64:amd64 3.8.9-3
2025-10-21 01:42:29 configure gpg-agent:amd64 2.4.7-21+b3 <none>
2025-10-21 01:42:29 status unpacked gpg-agent:amd64 2.4.7-21+b3
2025-10-21 01:42:29 status half-configured gpg-agent:amd64 2.4.7-21+b3
2025-10-21 01:42:29 status installed gpg-agent:amd64 2.4.7-21+b3
2025-10-21 01:42:29 configure gpgsm:amd64 2.4.7-21+b3 <none>
2025-10-21 01:42:29 status unpacked gpgsm:amd64 2.4.7-21+b3
2025-10-21 01:42:29 status half-configured gpgsm:amd64 2.4.7-21+b3
2025-10-21 01:42:29 status installed gpgsm:amd64 2.4.7-21+b3
2025-10-21 01:42:29 configure libpsl5t64:amd64 0.21.2-1.1+b1 <none>
2025-10-21 01:42:29 status unpacked libpsl5t64:amd64 0.21.2-1.1+b1
2025-10-21 01:42:29 status half-configured libpsl5t64:amd64 0.21.2-1.1+b1
2025-10-21 01:42:29 status installed libpsl5t64:amd64 0.21.2-1.1+b1
2025-10-21 01:42:29 configure dirmngr:amd64 2.4.7-21+b3 <none>
2025-10-21 01:42:29 status unpacked dirmngr:amd64 2.4.7-21+b3
2025-10-21 01:42:29 status half-configured dirmngr:amd64 2.4.7-21+b3
2025-10-21 01:42:29 status installed dirmngr:amd64 2.4.7-21+b3
2025-10-21 01:42:29 configure librtmp1:amd64 2.4+20151223.gitfa8646d.1-2+b5 <none>
2025-10-21 01:42:29 status unpacked librtmp1:amd64 2.4+20151223.gitfa8646d.1-2+b5
2025-10-21 01:42:29 status half-configured librtmp1:amd64 2.4+20151223.gitfa8646d.1-2+b5
2025-10-21 01:42:29 status installed librtmp1:amd64 2.4+20151223.gitfa8646d.1-2+b5
2025-10-21 01:42:29 configure gnupg:all 2.4.7-21 <none>
2025-10-21 01:42:29 status unpacked gnupg:all 2.4.7-21
2025-10-21 01:42:29 status half-configured gnupg:all 2.4.7-21
2025-10-21 01:42:29 status installed gnupg:all 2.4.7-21
2025-10-21 01:42:29 configure wget:amd64 1.25.0-2 <none>
2025-10-21 01:42:29 status unpacked wget:amd64 1.25.0-2
2025-10-21 01:42:29 status half-configured wget:amd64 1.25.0-2
2025-10-21 01:42:29 status installed wget:amd64 1.25.0-2
2025-10-21 01:42:29 configure libcurl4t64:amd64 8.14.1-2 <none>
2025-10-21 01:42:29 status unpacked libcurl4t64:amd64 8.14.1-2
2025-10-21 01:42:29 status half-configured libcurl4t64:amd64 8.14.1-2
2025-10-21 01:42:29 status installed libcurl4t64:amd64 8.14.1-2
2025-10-21 01:42:29 configure curl:amd64 8.14.1-2 <none>
2025-10-21 01:42:29 status unpacked curl:amd64 8.14.1-2
2025-10-21 01:42:29 status half-configured curl:amd64 8.14.1-2
2025-10-21 01:42:29 status installed curl:amd64 8.14.1-2
2025-10-21 01:42:29 trigproc libc-bin:amd64 2.41-12 <none>
2025-10-21 01:42:29 status half-configured libc-bin:amd64 2.41-12
2025-10-21 01:42:29 status installed libc-bin:amd64 2.41-12
2025-10-21 01:42:29 trigproc ca-certificates:all 20250419 <none>
2025-10-21 01:42:29 status half-configured ca-certificates:all 20250419
2025-10-21 01:42:29 status installed ca-certificates:all 20250419
